
> ascent-learning@3.0.0 build
> vite build

[36mvite v5.4.21 [32mbuilding for production...[36m[39m
transforming...
[32mâœ“[39m 11 modules transformed.
[31mx[39m Build failed in 531ms
[31merror during build:
[31m[vite:esbuild] Transform failed with 1 error:
C:/Users/12242/Downloads/ascent-learning/components/AdminPanel.tsx:1:0: ERROR: Unexpected "ï¿½"[31m
file: [36mC:/Users/12242/Downloads/ascent-learning/components/AdminPanel.tsx:1:0[31m
[33m
[33mUnexpected "ï¿½"[33m
1  |  ï¿½ï¿½i m p o r t   R e a c t ,   {   u s e S t a t e ,   u s e E f f e c t   }   f r o m   ' r e a c t ' ;  
   |  ^
2  |   i m p o r t   {   U s e r s ,   A c t i v i t y ,   E x t e r n a l L i n k ,   S h i e l d A l e r t   }   f r o m   ' l u c i d e - r e a c t ' ;  
3  |   i m p o r t   {   s u p a b a s e   }   f r o m   ' . . / l i b / s u p a b a s e ' ;  
[31m
    at failureErrorWithLog (C:\Users\12242\Downloads\ascent-learning\node_modules\esbuild\lib\main.js:1472:15)
    at C:\Users\12242\Downloads\ascent-learning\node_modules\esbuild\lib\main.js:755:50
    at responseCallbacks.<computed> (C:\Users\12242\Downloads\ascent-learning\node_modules\esbuild\lib\main.js:622:9)
    at handleIncomingPacket (C:\Users\12242\Downloads\ascent-learning\node_modules\esbuild\lib\main.js:677:12)
    at Socket.readFromStdout (C:\Users\12242\Downloads\ascent-learning\node_modules\esbuild\lib\main.js:600:7)
    at Socket.emit (node:events:508:28)
    at addChunk (node:internal/streams/readable:559:12)
    at readableAddChunkPushByteMode (node:internal/streams/readable:510:3)
    at Readable.push (node:internal/streams/readable:390:5)
    at Pipe.onStreamRead (node:internal/stream_base_commons:189:23)[39m
